// Jest Snapshot v1, https://goo.gl/fbAQLP

exports[`<ContentHeaderWrapper /> Shapshot <ContentHeaderWrapper /> 1`] = `
<div
  className="content__wrapper-header"
>
  <div
    className="content__header"
  >
    <div>
      hello
    </div>
  </div>
</div>
`;
